C51 COMPILER V9.59.0.0   PIN_INT                                                           09/12/2018 12:20:36 PAGE 1   


C51 COMPILER V9.59.0.0, COMPILATION OF MODULE PIN_INT
OBJECT MODULE PLACED IN .\Output\Pin_Int.obj
COMPILER INVOKED BY: C:\Keil_v5\C51\BIN\C51.EXE Code\Pin_Int.C OPTIMIZE(8,SPEED) BROWSE INCDIR(..\..\Include) DEFINE(FOS
                    -C_160000) DEBUG OBJECTEXTEND PRINT(.\LST\Pin_Int.lst) TABS(2) OBJECT(.\Output\Pin_Int.obj)

line level    source

   1          /*--------------------------------------------------------------------------------------------------------
             --*/
   2          /*                                                                                                        
             - */
   3          /* Copyright(c) 2017 Nuvoton Technology Corp. All rights reserved.                                        
             - */
   4          /*                                                                                                        
             - */
   5          /*--------------------------------------------------------------------------------------------------------
             --*/
   6          
   7          //********************************************************************************************************
             -***
   8          //  Nuvoton Technoledge Corp. 
   9          //  Website: http://www.nuvoton.com
  10          //  E-Mail : MicroC-8bit@nuvoton.com
  11          //  Date   : Apr/21/2017
  12          //********************************************************************************************************
             -***
  13          
  14          //********************************************************************************************************
             -***
  15          //  File Function: N76E003 I/O Interrupt demo code
  16          //********************************************************************************************************
             -***
  17          
  18          #include "N76E003.h"
  19          #include "SFR_Macro.h"
  20          #include "Function_define.h"
  21          #include "Common.h"
  22          #include "Delay.h"
  23          
  24          static int GreenFlag = 1;
  25          int* const GreenP = &GreenFlag;
  26          
  27          /******************************************************************************
  28           * FUNCTION_PURPOSE: I/O Pin interrupt Service Routine
  29           ******************************************************************************/
  30          
  31          void PinInterrupt_ISR (void) interrupt 7 // Pin interrupt server. level 7
  32          {
  33   1        if(PIF == 0x80)
  34   1        {
  35   2            PIF = 0x00;                 // clear interrupt flag
  36   2            P15 = 1;
  37   2            P15 = 0;          // Set RED LED
  38   2            * GreenP = 1;       // set green flag
  39   2        
  40   2          
  41   2        }
  42   1      }
  43          
  44          /******************************************************************************
  45          The main C function.  Program execution starts
C51 COMPILER V9.59.0.0   PIN_INT                                                           09/12/2018 12:20:36 PAGE 2   

  46          here after stack initialization.
  47          ******************************************************************************/
  48          void main (void) 
  49          {
  50   1      
  51   1        P10_PushPull_Mode;
  52   1        P10 = 0;
  53   1        P15_PushPull_Mode;
  54   1        P15 = 0;
  55   1      
  56   1         
  57   1          P17_Input_Mode; // Set p1.7 input mode
  58   1        set_P1S_7;      // set p1.7 voltage level mode
  59   1        Enable_INT_Port1;     // Set interrupt IO port 
  60   1        Enable_BIT7_FallEdge_Trig; // Set pin7 Triger mode
  61   1      
  62   1          set_EPI;              // Enable pin interrupt
  63   1          set_EA;               // global interrupt enable bit
  64   1        
  65   1          while (1)
  66   1          {
  67   2            set_PD;
  68   2            while(* GreenP)
  69   2            {
  70   3              P10 = 1;
  71   3              Timer0_Delay1ms(3000);
  72   3              P10 = 0;
  73   3            }
  74   2          }
  75   1      
  76   1      }
  77          
  78          


MODULE INFORMATION:   STATIC OVERLAYABLE
   CODE SIZE        =    166    ----
   CONSTANT SIZE    =   ----    ----
   XDATA SIZE       =   ----    ----
   PDATA SIZE       =   ----    ----
   DATA SIZE        =      5    ----
   IDATA SIZE       =   ----    ----
   BIT SIZE         =   ----    ----
END OF MODULE INFORMATION.


C51 COMPILATION COMPLETE.  0 WARNING(S),  0 ERROR(S)
