C51 COMPILER V9.59.0.0   PIN_INT                                                           09/17/2018 11:47:50 PAGE 1   


C51 COMPILER V9.59.0.0, COMPILATION OF MODULE PIN_INT
OBJECT MODULE PLACED IN .\Output\Pin_Int.obj
COMPILER INVOKED BY: C:\Keil_v5\C51\BIN\C51.EXE Code\Pin_Int.C OPTIMIZE(8,SPEED) BROWSE INCDIR(..\..\Include) DEFINE(FOS
                    -C_160000) DEBUG OBJECTEXTEND PRINT(.\LST\Pin_Int.lst) TABS(2) OBJECT(.\Output\Pin_Int.obj)

line level    source

   1          /*--------------------------------------------------------------------------------------------------------
             --*/
   2          /*                                                                                                        
             - */
   3          /* Copyright(c) 2017 Nuvoton Technology Corp. All rights reserved.                                        
             - */
   4          /*                                                                                                        
             - */
   5          /*--------------------------------------------------------------------------------------------------------
             --*/
   6          
   7          //********************************************************************************************************
             -***
   8          //  Nuvoton Technoledge Corp. 
   9          //  Website: http://www.nuvoton.com
  10          //  E-Mail : MicroC-8bit@nuvoton.com
  11          //  Date   : Apr/21/2017
  12          //********************************************************************************************************
             -***
  13          
  14          //********************************************************************************************************
             -***
  15          //  File Function: N76E003 I/O Interrupt demo code
  16          //********************************************************************************************************
             -***
  17          
  18          #include "N76E003.h"
  19          #include "SFR_Macro.h"
  20          #include "Function_define.h"
  21          #include "Common.h"
  22          #include "Delay.h"
  23          
  24          #define GLED  P10
  25          #define RLED  P15
  26          #define P_SDA   P00
  27          #define P_SCL   P01
  28          
  29          static int GFlag = 0;
  30          
  31          
  32          /******************************************************************************
  33           * FUNCTION_PURPOSE: I/O Pin interrupt Service Routine
  34           ******************************************************************************/
  35          
  36          // voice alarm cmd
  37          void SendCMD(int cmd)
  38          {
  39   1        int i = 0;
  40   1        int cmdData = cmd;
  41   1        int eachBit;
  42   1        //begin transportation 
  43   1        P_SCL = 0;
  44   1        Timer0_Delay1ms(5); // delay 5ms
  45   1        for(i=0; i<8;i++)   // send one word
C51 COMPILER V9.59.0.0   PIN_INT                                                           09/17/2018 11:47:50 PAGE 2   

  46   1        {
  47   2          eachBit = cmdData & 0x01;
  48   2          P_SCL = 0;
  49   2          P_SDA = eachBit;
  50   2          Timer0_Delay100us(2);
  51   2          P_SCL = 1;
  52   2          Timer0_Delay100us(2);
  53   2          cmdData >>= 1;
  54   2        }
  55   1        P_SCL = 1;
  56   1        P_SDA = 1;
  57   1      }
  58          
  59          void PinInterrupt_ISR (void) interrupt 7 // Pin interrupt server. level 7
  60          {
  61   1      
  62   1        if(PIF == 0x80)
  63   1        {
  64   2          PIF = 0x00;                 // clear interrupt flag
  65   2          // SendCMD(0xFE);       // stop voice alarm
  66   2          GLED = 0;         // turn off green led
  67   2          RLED = 1;
  68   2          while(1)          // wait for steady
  69   2          {
  70   3            if(P17 == 1) break;
  71   3          }
  72   2          RLED = 0;         // turn off red led jump back
  73   2          SendCMD(0x0);         // Play voice alarm 0
  74   2          SendCMD(0xF2);          // Play voice alarm 0
  75   2          GFlag = 30;
  76   2        }
  77   1      }
  78          
  79          
  80          /******************************************************************************
  81          The main C function.  Program execution starts
  82          here after stack initialization.
  83          ******************************************************************************/
  84          void main (void) 
  85          {
  86   1      
  87   1        //Green LED output
  88   1        P10_PushPull_Mode;
  89   1        GLED = 0;
  90   1        //RED LED output
  91   1        P15_PushPull_Mode;
  92   1        RLED = 0;
  93   1        //clk-data bus 
  94   1        P00_PushPull_Mode; // data 
  95   1        P01_PushPull_Mode; // clk
  96   1        P_SDA = 1;
  97   1        P_SCL = 1;
  98   1         
  99   1          P17_Input_Mode; // Set p1.7 input mode
 100   1        set_P1S_7;      // set p1.7 voltage level mode
 101   1        Enable_INT_Port1;     // Set interrupt IO port 
 102   1        Enable_BIT7_FallEdge_Trig; // Set pin7 Triger mode
 103   1      
 104   1          set_EPI;              // Enable pin interrupt
 105   1          set_EA;               // global interrupt enable bit
 106   1      
 107   1          while (1)
C51 COMPILER V9.59.0.0   PIN_INT                                                           09/17/2018 11:47:50 PAGE 3   

 108   1        {
 109   2          
 110   2          if(GFlag > 0)
 111   2          {
 112   3              GLED = 1;
 113   3              Timer1_Delay10ms(50);
 114   3              GLED = 0;
 115   3              Timer1_Delay10ms(50);
 116   3              GFlag--;
 117   3          
 118   3          }
 119   2          else set_PD;  // PowerDown mode
 120   2          
 121   2        }
 122   1        
 123   1        
 124   1        
 125   1      }


MODULE INFORMATION:   STATIC OVERLAYABLE
   CODE SIZE        =    332    ----
   CONSTANT SIZE    =   ----    ----
   XDATA SIZE       =   ----    ----
   PDATA SIZE       =   ----    ----
   DATA SIZE        =      2       6
   IDATA SIZE       =   ----    ----
   BIT SIZE         =   ----    ----
END OF MODULE INFORMATION.


C51 COMPILATION COMPLETE.  0 WARNING(S),  0 ERROR(S)
